warning: profiles for the non root package will be ignored, specify profiles at the workspace root:
package:   /home/noah/src/ruchy/ruchy-wasm/Cargo.toml
workspace: /home/noah/src/ruchy/Cargo.toml
warning: output filename collision at /home/noah/src/ruchy/target/release/deps/libruchy.so
  |
  = note: the lib target `ruchy` in package `ruchy v5.0.0-beta.2 (/home/noah/src/ruchy)` has the same output filename as the lib target `ruchy` in package `ruchy v5.0.0-beta.2 (/home/noah/src/ruchy)`
  = note: this may become a hard error in the future; see <https://github.com/rust-lang/cargo/issues/6313>
  = help: consider changing their names to be unique or compiling them separately
warning: output filename collision at /home/noah/src/ruchy/target/release/deps/libruchy.so.dwp
  |
  = note: the lib target `ruchy` in package `ruchy v5.0.0-beta.2 (/home/noah/src/ruchy)` has the same output filename as the lib target `ruchy` in package `ruchy v5.0.0-beta.2 (/home/noah/src/ruchy)`
  = note: this may become a hard error in the future; see <https://github.com/rust-lang/cargo/issues/6313>
  = help: consider changing their names to be unique or compiling them separately
warning: output filename collision at /home/noah/src/ruchy/target/release/deps/libruchy.rlib
  |
  = note: the lib target `ruchy` in package `ruchy v5.0.0-beta.2 (/home/noah/src/ruchy)` has the same output filename as the lib target `ruchy` in package `ruchy v5.0.0-beta.2 (/home/noah/src/ruchy)`
  = note: this may become a hard error in the future; see <https://github.com/rust-lang/cargo/issues/6313>
  = help: consider changing their names to be unique or compiling them separately
   Compiling serde_core v1.0.229
   Compiling serde v1.0.229
   Compiling cfg-if v1.0.4
   Compiling memchr v2.8.3
   Compiling libc v0.2.189
   Compiling syn v2.0.119
   Compiling syn v3.0.3
   Compiling log v0.4.33
   Compiling libm v0.2.16
   Compiling num-traits v0.2.19
   Compiling itoa v1.0.18
   Compiling once_cell v1.21.4
   Compiling bitflags v2.13.1
   Compiling smallvec v1.15.2
   Compiling pin-project-lite v0.2.17
   Compiling serde_json v1.0.151
   Compiling getrandom v0.4.3
   Compiling regex-syntax v0.8.11
   Compiling hashbrown v0.17.1
   Compiling equivalent v1.0.2
   Compiling futures-core v0.3.33
   Compiling indexmap v2.14.0
   Compiling synstructure v0.13.2
   Compiling serde_derive v1.0.229
   Compiling aho-corasick v1.1.5
   Compiling mio v1.2.2
   Compiling errno v0.3.14
   Compiling zmij v1.0.23
   Compiling regex-automata v0.4.18
   Compiling signal-hook-registry v1.4.8
   Compiling tracing-core v0.1.36
   Compiling zerocopy-derive v0.8.56
   Compiling tracing-attributes v0.1.31
   Compiling zerofrom-derive v0.1.7
   Compiling futures-sink v0.3.33
   Compiling zerofrom v0.1.8
   Compiling zerocopy v0.8.56
   Compiling yoke-derive v0.8.2
   Compiling bytes v1.12.1
   Compiling thiserror-impl v2.0.20
   Compiling stable_deref_trait v1.2.1
   Compiling typenum v1.20.1
   Compiling yoke v0.8.3
   Compiling serde_yaml_ng v0.10.0
   Compiling generic-array v0.14.7
   Compiling slab v0.4.12
   Compiling tracing v0.1.44
   Compiling zerovec-derive v0.11.3
   Compiling rand_core v0.10.1
   Compiling scopeguard v1.2.0
   Compiling darling_core v0.20.11
   Compiling lock_api v0.4.14
   Compiling block-buffer v0.10.4
   Compiling crypto-common v0.1.7
   Compiling http v1.5.0
   Compiling regex v1.13.1
   Compiling futures-macro v0.3.33
   Compiling zerovec v0.11.6
   Compiling displaydoc v0.2.7
   Compiling parking_lot_core v0.9.12
   Compiling proc-macro2 v1.0.107
   Compiling futures-task v0.3.33
   Compiling futures-io v0.3.33
   Compiling futures-util v0.3.33
   Compiling parking_lot v0.12.5
   Compiling digest v0.10.7
   Compiling tokio-macros v2.7.2
   Compiling socket2 v0.6.5
   Compiling wasm-bindgen-shared v0.2.127
   Compiling darling_macro v0.20.11
   Compiling unicode-ident v1.0.24
   Compiling linux-raw-sys v0.12.1
   Compiling tokio v1.53.1
   Compiling darling v0.20.11
   Compiling curve25519-dalek-derive v0.1.1
   Compiling rustix v1.1.4
   Compiling siphasher v1.0.3
   Compiling derive_builder_core v0.20.2
   Compiling tinystr v0.8.3
   Compiling aprender-compute v0.65.2
   Compiling litemap v0.8.2
   Compiling vcpkg v0.2.15
   Compiling writeable v0.6.3
   Compiling cpufeatures v0.2.17
   Compiling new_debug_unreachable v1.0.6
   Compiling icu_locale_core v2.2.0
   Compiling derive_builder_macro v0.20.2
   Compiling openssl-sys v0.9.117
   Compiling zerotrie v0.2.4
   Compiling http-body v1.1.0
   Compiling potential_utf v0.1.5
   Compiling half v2.7.1
   Compiling aprender-contracts-macros v0.65.2
   Compiling aprender-gemm-codegen v0.65.2
   Compiling crossbeam-utils v0.8.22
   Compiling utf8_iter v1.0.4
   Compiling either v1.17.0
   Compiling tower-service v0.3.3
   Compiling fastrand v2.5.0
   Compiling fnv v1.0.7
   Compiling rustversion v1.0.23
   Compiling percent-encoding v2.3.2
   Compiling icu_properties_data v2.2.0
   Compiling icu_normalizer_data v2.2.0
   Compiling tempfile v3.27.0
   Compiling icu_collections v2.2.0
   Compiling icu_provider v2.2.0
   Compiling ppv-lite86 v0.2.21
   Compiling aprender-core v0.65.2
   Compiling thiserror v2.0.20
   Compiling html5ever v0.27.0
   Compiling getrandom v0.3.4
   Compiling ryu v1.0.23
   Compiling precomputed-hash v0.1.1
   Compiling httparse v1.10.1
   Compiling rand_core v0.9.5
   Compiling tokio-util v0.7.19
   Compiling crossbeam-epoch v0.9.20
   Compiling phf_shared v0.11.3
   Compiling neli-proc-macros v0.2.2
   Compiling serde_spanned v0.6.9
   Compiling toml_datetime v0.6.11
   Compiling getset v0.1.7
   Compiling getrandom v0.2.17
   Compiling winnow v0.7.15
   Compiling zeroize v1.9.0
   Compiling utf8parse v0.2.2
   Compiling try-lock v0.2.5
   Compiling atomic-waker v1.1.2
   Compiling same-file v1.0.6
   Compiling bumpalo v3.20.3
   Compiling anstyle v1.0.14
   Compiling mac v0.1.1
   Compiling base64 v0.22.1
   Compiling httpdate v1.0.3
   Compiling futf v0.1.5
   Compiling wasm-bindgen-macro-support v0.2.127
   Compiling walkdir v2.5.0
   Compiling string_cache v0.8.9
   Compiling logos-codegen v0.15.1
   Compiling h2 v0.4.19
   Compiling want v0.3.1
   Compiling clap_derive v4.6.4
   Compiling toml_edit v0.22.27
   Compiling rand_core v0.6.4
   Compiling wasm-bindgen v0.2.127
   Compiling crossbeam-deque v0.8.7
   Compiling icu_properties v2.2.0
   Compiling icu_normalizer v2.2.0
   Compiling form_urlencoded v1.2.2
   Compiling rmp v0.8.15
   Compiling inotify-sys v0.1.8
   Compiling zstd-sys v2.0.16+zstd.1.5.7
   Compiling futures-channel v0.3.33
   Compiling foreign-types-shared v0.1.1
   Compiling tower-layer v0.3.3
   Compiling crc32fast v1.5.0
   Compiling simd-adler32 v0.3.10
   Compiling openssl v0.10.81
   Compiling iana-time-zone v0.1.65
   Compiling toml_write v0.1.2
   Compiling utf-8 v0.7.6
   Compiling unicode-width v0.2.2
   Compiling tendril v0.4.3
   Compiling curve25519-dalek v4.1.3
   Compiling wasm-bindgen-macro v0.2.127
   Compiling toml v0.8.23
   Compiling chrono v0.4.45
   Compiling hyper v1.11.0
   Compiling foreign-types v0.3.2
   Compiling zstd-safe v7.2.4
   Compiling rmp-serde v1.3.1
   Compiling idna_adapter v1.2.2
   Compiling markup5ever v0.12.1
   Compiling logos-derive v0.15.1
   Compiling rayon-core v1.13.0
   Compiling rand_chacha v0.9.0
   Compiling anstyle-parse v1.0.0
   Compiling aprender-quant v0.65.2
   Compiling phf v0.11.3
   Compiling http-body-util v0.1.4
   Compiling sha2 v0.10.9
   Compiling bincode v1.3.3
   Compiling openssl-macros v0.1.1
   Compiling sync_wrapper v1.0.2
   Compiling adler2 v2.0.1
   Compiling colorchoice v1.0.5
   Compiling thiserror v1.0.69
   Compiling subtle v2.6.1
   Compiling parking v2.2.1
   Compiling bitflags v1.3.2
   Compiling anstyle-query v1.1.5
   Compiling byteorder v1.5.0
   Compiling signature v2.2.0
   Compiling is_terminal_polyfill v1.70.2
   Compiling native-tls v0.2.18
   Compiling ipnet v2.12.1
   Compiling mime v0.3.17
   Compiling unsafe-libyaml v0.2.11
   Compiling ed25519 v2.2.3
   Compiling hyper-util v0.1.20
   Compiling anstream v1.0.0
   Compiling rayon v1.12.0
   Compiling event-listener v5.4.2
   Compiling minijinja v2.23.0
   Compiling miniz_oxide v0.8.9
   Compiling apr-format v0.65.2
   Compiling quote v1.0.47
   Compiling rand v0.9.5
   Compiling ed25519-dalek v2.2.0
   Compiling idna v1.1.0
   Compiling zstd v0.13.3
   Compiling ruchy v5.0.0-beta.2 (/home/noah/src/ruchy)
   Compiling signal-hook v0.3.18
   Compiling derive_builder v0.20.2
   Compiling anyhow v1.0.104
   Compiling nibble_vec v0.1.0
   Compiling thiserror-impl v1.0.69
   Compiling num-integer v0.1.46
   Compiling hostname v0.4.2
   Compiling num_cpus v1.17.0
   Compiling memoffset v0.6.5
   Compiling rustix v0.38.44
   Compiling clap_lex v1.1.0
   Compiling lz4_flex v0.11.6
   Compiling memo-map v0.3.3
   Compiling openssl-probe v0.2.1
   Compiling strsim v0.11.1
   Compiling aprender-common v0.65.2
   Compiling clap_builder v4.6.6
   Compiling neli v0.7.4
   Compiling radix_trie v0.2.1
   Compiling num-bigint v0.4.8
warning: ruchy@5.0.0-beta.2: [contract] AllImplemented: 20/20 implemented, 0 gaps
   Compiling flate2 v1.1.9
   Compiling url v2.5.8
   Compiling js-sys v0.3.104
   Compiling event-listener-strategy v0.5.4
   Compiling tower v0.5.3
   Compiling xml5ever v0.18.1
   Compiling fdeflate v0.3.7
   Compiling rand_chacha v0.3.1
   Compiling serde_yaml v0.9.34+deprecated
   Compiling serde_spanned v1.1.1
   Compiling toml_datetime v0.7.5+spec-1.1.0
   Compiling memmap2 v0.9.11
   Compiling wait-timeout v0.2.1
   Compiling instant v0.1.13
   Compiling nu-ansi-term v0.50.3
   Compiling pxfm v0.1.30
   Compiling ciborium-io v0.2.2
   Compiling plotters-backend v0.3.7
   Compiling cast v0.3.0
   Compiling lazy_static v1.5.0
   Compiling predicates-core v1.0.10
   Compiling winnow v1.0.4
   Compiling foldhash v0.1.5
   Compiling linux-raw-sys v0.4.15
   Compiling endian-type v0.1.2
   Compiling zune-core v0.5.3
   Compiling zune-jpeg v0.5.15
   Compiling moxcms v0.8.1
   Compiling toml v0.9.12+spec-1.1.0
   Compiling rustyline v17.0.2
   Compiling hashbrown v0.15.5
   Compiling aprender v0.65.2
   Compiling toml_parser v1.1.3+spec-1.1.0
   Compiling sharded-slab v0.1.7
   Compiling plotters-svg v0.3.7
   Compiling ciborium-ll v0.2.2
   Compiling notify-types v1.0.1
   Compiling provable-contracts v0.3.1
   Compiling notify v8.2.0
   Compiling rand v0.8.7
   Compiling png v0.18.1
   Compiling markup5ever_rcdom v0.3.0
   Compiling async-lock v3.4.2
   Compiling prettyplease v0.2.37
   Compiling num-rational v0.4.2
   Compiling local-ip-address v0.6.13
   Compiling clap v4.6.6
   Compiling tokio-native-tls v0.3.1
   Compiling signal-hook-mio v0.2.5
   Compiling lalrpop-util v0.23.1
   Compiling inotify v0.10.2
   Compiling logos v0.15.1
   Compiling getopts v0.2.24
   Compiling inotify v0.11.4
   Compiling serde_urlencoded v0.7.1
   Compiling nix v0.30.1
   Compiling uuid v1.24.0
   Compiling itertools v0.13.0
   Compiling sha1 v0.10.7
   Compiling fd-lock v4.0.4
   Compiling phf_shared v0.13.1
   Compiling headers-core v0.3.0
   Compiling env_filter v2.0.0
   Compiling matchers v0.2.0
   Compiling tracing-serde v0.2.0
   Compiling tracing-log v0.2.0
   Compiling pin-project-internal v1.1.13
   Compiling async-trait v0.1.92
   Compiling float-cmp v0.10.0
   Compiling filetime v0.2.29
   Compiling notify-types v2.1.0
   Compiling thread_local v1.1.10
   Compiling similar v2.7.0
   Compiling normalize-line-endings v0.3.0
   Compiling bytemuck v1.25.2
   Compiling keccak v0.1.6
   Compiling byteorder-lite v0.1.0
   Compiling term v1.2.1
   Compiling color_quant v1.1.0
   Compiling quick-error v1.2.3
   Compiling unicase v2.9.0
   Compiling assert_cmd v2.2.2
   Compiling termtree v0.5.1
   Compiling unicode-segmentation v1.13.3
   Compiling bit-vec v0.9.1
   Compiling difflib v0.4.0
   Compiling bit-vec v0.8.0
   Compiling pin-utils v0.1.0
   Compiling weezl v0.1.12
   Compiling fixedbitset v0.5.7
   Compiling toml_writer v1.1.2+spec-1.1.0
   Compiling home v0.5.12
   Compiling oorandom v11.1.5
   Compiling leb128 v0.2.7
   Compiling wasm-encoder v0.207.0
   Compiling gif v0.14.2
   Compiling petgraph v0.8.3
   Compiling nix v0.25.1
   Compiling bit-set v0.8.0
   Compiling predicates v3.1.4
   Compiling bit-set v0.9.1
   Compiling predicates-tree v1.0.13
   Compiling pulldown-cmark v0.9.6
   Compiling ascii-canvas v4.0.0
   Compiling image v0.25.10
   Compiling rusty-fork v0.3.1
   Compiling sha3 v0.10.9
   Compiling pin-project v1.1.13
   Compiling tracing-subscriber v0.3.23
   Compiling notify v7.0.0
   Compiling criterion-plot v0.6.0
   Compiling env_logger v0.11.11
   Compiling string_cache v0.9.0
   Compiling headers v0.4.1
   Compiling crossterm v0.28.1
   Compiling hyper-tls v0.6.0
   Compiling async-object-pool v0.2.0
   Compiling mp4 v0.14.0
   Compiling ciborium v0.2.2
   Compiling plotters v0.3.7
   Compiling wasm-bindgen-futures v0.4.77
   Compiling tower-http v0.6.11
   Compiling axum-core v0.5.6
   Compiling nix v0.29.0
