warning: profiles for the non root package will be ignored, specify profiles at the workspace root:
package:   /home/noah/src/ruchy/ruchy-wasm/Cargo.toml
workspace: /home/noah/src/ruchy/Cargo.toml
warning: ruchy@5.0.0-beta.2: [contract] AllImplemented: 20/20 implemented, 0 gaps
    Finished `test` profile [unoptimized + debuginfo] target(s) in 0.27s
     Running unittests src/lib.rs (target/debug/deps/ruchy-dc84ff398ee8490a)

running 35 tests
test rhl_pre_registration::breaks_gate::unit::test_rhl_breaks_0_unmarked_detector_accepts_the_with_marked_form ... ok
test rhl_pre_registration::breaks_gate::test_rhl_breaks_0_at_least_twelve_valid_programs_nonempty ... ok
test rhl_pre_registration::breaks_gate::unit::test_rhl_breaks_0_unmarked_detector_flags_the_preamendment_form ... ok
test rhl_pre_registration::breaks_gate::unit::test_rhl_breaks_0_unmarked_detector_ignores_same_or_lesser_indent ... ok
test rhl_pre_registration::breaks_gate::test_rhl_breaks_0_valid_programs_never_open_action_block_without_with ... ok
test rhl_pre_registration::corpus_gate::test_rhl_corpus_0_harness_md_declares_the_contract_types ... ok
test rhl_pre_registration::corpus_gate::test_rhl_corpus_0_every_tests_rs_actually_calls_the_entrypoint ... ok
test rhl_pre_registration::corpus_gate::test_rhl_corpus_0_has_exactly_40_numbered_directories_no_gaps_no_dupes ... ok
test rhl_pre_registration::grammar_gate::test_rhl_grammar_0_conflict_freedom_is_not_bought_with_precedence ... ok
test rhl_pre_registration::grammar_gate::test_rhl_grammar_0_tokenization_contract_is_stated ... ok
test rhl_pre_registration::manifest_gate::test_rhl_manifest_0_regenerate ... ignored, writes docs/rhl/PREREGISTRATION.sha256; run deliberately
test rhl_pre_registration::grammar_gate::test_rhl_grammar_0_committed_conflict_report_matches_the_grammar ... ok
test rhl_pre_registration::corpus_gate::test_rhl_corpus_0_every_named_host_and_repo_is_set_up_in_the_tests ... ok
test rhl_pre_registration::corpus_gate::test_rhl_corpus_0_every_task_has_three_nonempty_files ... ok
test rhl_pre_registration::corpus_gate::test_rhl_corpus_0_tests_rs_names_no_arm_specific_symbol ... ok
test rhl_pre_registration::vocab_gate::test_rhl_vocab_0_entity_terms_declare_instances_from ... ok
test rhl_pre_registration::vocab_gate::test_rhl_vocab_0_all_terms_have_existing_contract ... ok
test rhl_pre_registration::vocab_gate::test_rhl_vocab_0_files_parse ... ok
test rhl_pre_registration::vocab_gate::test_rhl_vocab_0_terms_unique_and_nonempty ... ok
test rhl_pre_registration::corpus_gate::test_rhl_corpus_0_has_exactly_10_ambiguous_tasks_with_reasons ... ok
test rhl_pre_registration::vocab_gate::test_rhl_vocab_0_kind_is_closed_list ... ok
test rhl_pre_registration::vocab_gate::test_rhl_vocab_0_lowers_to_is_unbound ... ok
test rhl_pre_registration::vocab_gate::test_rhl_vocab_0_terms_declare_a_usable_signature ... ok
test rhl_pre_registration::breaks_gate::test_rhl_breaks_0_break_yaml_declares_all_required_fields ... ok
test rhl_pre_registration::breaks_gate::test_rhl_breaks_0_f7_positive_control_safe_fix_matches_class ... ok
test rhl_pre_registration::breaks_gate::test_rhl_breaks_0_all_six_classes_present_with_at_least_six_each ... ok
test rhl_pre_registration::breaks_gate::test_rhl_breaks_0_every_base_exists_and_is_a_valid_program ... ok
test rhl_pre_registration::breaks_gate::test_rhl_breaks_0_every_broken_program_differs_from_its_base ... ok
test rhl_pre_registration::breaks_gate::test_rhl_breaks_0_class_closed_and_expected_code_matches_family_regex ... ok
test rhl_pre_registration::manifest_gate::test_rhl_manifest_0_covers_every_pre_registered_file ... ok
test rhl_pre_registration::vocab_gate::test_rhl_vocab_0_contract_files_parse_with_metadata ... ok
test rhl_pre_registration::manifest_gate::test_rhl_manifest_0_every_recorded_hash_still_matches ... ok
test rhl_pre_registration::corpus_gate::test_rhl_corpus_0_every_tests_rs_parses_as_real_rust_with_a_test_fn ... ok
/home/noah/src/ruchy/grammar/fixtures/ambiguous.lalrpop:60:5: 60:15: Local ambiguity detected

  The problem arises after having observed the following symbols in the input:
    Body App
  At that point, if the next token is a `NEWLINE`, then the parser can proceed in two
  different ways.

  First, the parser could execute the production at
  /home/noah/src/ruchy/grammar/fixtures/ambiguous.lalrpop:60:5: 60:15, which would consume
  the top 1 token(s) from the stack and produce a `Stmt`. This might then yield a parse tree
  like
    App    ╷ NEWLINE
    ├─Stmt─┘       │
    └─Body─────────┘

  Alternatively, the parser could shift the `NEWLINE` token and later use it to construct a
  `Stmt`. This might then yield a parse tree like
    Body App NEWLINE Body "end" NEWLINE
    │    └─Stmt───────────────┘       │
    └─Body────────────────────────────┘

  Hint: It appears you could resolve this problem by adding the attribute `#[inline]` to the
  definition of `Stmt`. For more information, see the section on inlining in the LALRPOP
  manual.
/home/noah/src/ruchy/grammar/fixtures/ambiguous.lalrpop:50:21: 50:33: Conflict detected

    when in this state:
  App = (*) Phrase [STRING, INT, WORD, "%", "and", "be", "check", "command", "contains", "end", "every", "example", "expect", "for each", "give back", "given", "in", "is", "is above", "is at least", "is at most", "is below", "is not", "is one of", "job", "let", "may call", "may read", "may write", "not", "or", "otherwise", "pipeline", "repeat at most", "runs on", "set", "shape", "stop with", "then", "times", "to", "until", "use vocabulary", "wait up to", "when", NEWLINE, Eof]
  App = (*) Phrase Args [STRING, INT, WORD, "%", "and", "be", "check", "command", "contains", "end", "every", "example", "expect", "for each", "give back", "given", "in", "is", "is above", "is at least", "is at most", "is below", "is not", "is one of", "job", "let", "may call", "may read", "may write", "not", "or", "otherwise", "pipeline", "repeat at most", "runs on", "set", "shape", "stop with", "then", "times", "to", "until", "use vocabulary", "wait up to", "when", NEWLINE, Eof]
  Body = Body (*) Stmt NEWLINE [STRING, INT, WORD, "%", "and", "be", "check", "command", "contains", "end", "every", "example", "expect", "for each", "give back", "given", "in", "is", "is above", "is at least", "is at most", "is below", "is not", "is one of", "job", "let", "may call", "may read", "may write", "not", "or", "otherwise", "pipeline", "repeat at most", "runs on", "set", "shape", "stop with", "then", "times", "to", "until", "use vocabulary", "wait up to", "when", NEWLINE, Eof]
  Phrase = (*) Phrase WORD [STRING, INT, WORD, "%", "and", "be", "check", "command", "contains", "end", "every", "example", "expect", "for each", "give back", "given", "in", "is", "is above", "is at least", "is at most", "is below", "is not", "is one of", "job", "let", "may call", "may read", "may write", "not", "or", "otherwise", "pipeline", "repeat at most", "runs on", "set", "shape", "stop with", "then", "times", "to", "until", "use vocabulary", "wait up to", "when", NEWLINE, Eof]
  Phrase = (*) WORD [STRING, INT, WORD, "%", "and", "be", "check", "command", "contains", "end", "every", "example", "expect", "for each", "give back", "given", "in", "is", "is above", "is at least", "is at most", "is below", "is not", "is one of", "job", "let", "may call", "may read", "may write", "not", "or", "otherwise", "pipeline", "repeat at most", "runs on", "set", "shape", "stop with", "then", "times", "to", "until", "use vocabulary", "wait up to", "when", NEWLINE, Eof]
  Program = Body (*) [STRING, INT, WORD, "%", "and", "be", "check", "command", "contains", "end", "every", "example", "expect", "for each", "give back", "given", "in", "is", "is above", "is at least", "is at most", "is below", "is not", "is one of", "job", "let", "may call", "may read", "may write", "not", "or", "otherwise", "pipeline", "repeat at most", "runs on", "set", "shape", "stop with", "then", "times", "to", "until", "use vocabulary", "wait up to", "when", NEWLINE, Eof]
  Stmt = (*) App [STRING, INT, WORD, "%", "and", "be", "check", "command", "contains", "end", "every", "example", "expect", "for each", "give back", "given", "in", "is", "is above", "is at least", "is at most", "is below", "is not", "is one of", "job", "let", "may call", "may read", "may write", "not", "or", "otherwise", "pipeline", "repeat at most", "runs on", "set", "shape", "stop with", "then", "times", "to", "until", "use vocabulary", "wait up to", "when", NEWLINE, Eof]
  Stmt = (*) App NEWLINE Body "end" [STRING, INT, WORD, "%", "and", "be", "check", "command", "contains", "end", "every", "example", "expect", "for each", "give back", "given", "in", "is", "is above", "is at least", "is at most", "is below", "is not", "is one of", "job", "let", "may call", "may read", "may write", "not", "or", "otherwise", "pipeline", "repeat at most", "runs on", "set", "shape", "stop with", "then", "times", "to", "until", "use vocabulary", "wait up to", "when", NEWLINE, Eof]
  Stmt = (*) "let" Phrase "be" App [STRING, INT, WORD, "%", "and", "be", "check", "command", "contains", "end", "every", "example", "expect", "for each", "give back", "given", "in", "is", "is above", "is at least", "is at most", "is below", "is not", "is one of", "job", "let", "may call", "may read", "may write", "not", "or", "otherwise", "pipeline", "repeat at most", "runs on", "set", "shape", "stop with", "then", "times", "to", "until", "use vocabulary", "wait up to", "when", NEWLINE, Eof]
  Stmt = (*) "when" App NEWLINE Body "end" [STRING, INT, WORD, "%", "and", "be", "check", "command", "contains", "end", "every", "example", "expect", "for each", "give back", "given", "in", "is", "is above", "is at least", "is at most", "is below", "is not", "is one of", "job", "let", "may call", "may read", "may write", "not", "or", "otherwise", "pipeline", "repeat at most", "runs on", "set", "shape", "stop with", "then", "times", "to", "until", "use vocabulary", "wait up to", "when", NEWLINE, Eof]

  and looking at a token `"let"` we can reduce to a `Program` but we can also shift
/home/noah/src/ruchy/grammar/fixtures/ambiguous.lalrpop:50:21: 50:33: Conflict detected

    when in this state:
  App = (*) Phrase [STRING, INT, WORD, "%", "and", "be", "check", "command", "contains", "end", "every", "example", "expect", "for each", "give back", "given", "in", "is", "is above", "is at least", "is at most", "is below", "is not", "is one of", "job", "let", "may call", "may read", "may write", "not", "or", "otherwise", "pipeline", "repeat at most", "runs on", "set", "shape", "stop with", "then", "times", "to", "until", "use vocabulary", "wait up to", "when", NEWLINE, Eof]
  App = (*) Phrase Args [STRING, INT, WORD, "%", "and", "be", "check", "command", "contains", "end", "every", "example", "expect", "for each", "give back", "given", "in", "is", "is above", "is at least", "is at most", "is below", "is not", "is one of", "job", "let", "may call", "may read", "may write", "not", "or", "otherwise", "pipeline", "repeat at most", "runs on", "set", "shape", "stop with", "then", "times", "to", "until", "use vocabulary", "wait up to", "when", NEWLINE, Eof]
  Body = Body (*) Stmt NEWLINE [STRING, INT, WORD, "%", "and", "be", "check", "command", "contains", "end", "every", "example", "expect", "for each", "give back", "given", "in", "is", "is above", "is at least", "is at most", "is below", "is not", "is one of", "job", "let", "may call", "may read", "may write", "not", "or", "otherwise", "pipeline", "repeat at most", "runs on", "set", "shape", "stop with", "then", "times", "to", "until", "use vocabulary", "wait up to", "when", NEWLINE, Eof]
  Phrase = (*) Phrase WORD [STRING, INT, WORD, "%", "and", "be", "check", "command", "contains", "end", "every", "example", "expect", "for each", "give back", "given", "in", "is", "is above", "is at least", "is at most", "is below", "is not", "is one of", "job", "let", "may call", "may read", "may write", "not", "or", "otherwise", "pipeline", "repeat at most", "runs on", "set", "shape", "stop with", "then", "times", "to", "until", "use vocabulary", "wait up to", "when", NEWLINE, Eof]
  Phrase = (*) WORD [STRING, INT, WORD, "%", "and", "be", "check", "command", "contains", "end", "every", "example", "expect", "for each", "give back", "given", "in", "is", "is above", "is at least", "is at most", "is below", "is not", "is one of", "job", "let", "may call", "may read", "may write", "not", "or", "otherwise", "pipeline", "repeat at most", "runs on", "set", "shape", "stop with", "then", "times", "to", "until", "use vocabulary", "wait up to", "when", NEWLINE, Eof]
  Program = Body (*) [STRING, INT, WORD, "%", "and", "be", "check", "command", "contains", "end", "every", "example", "expect", "for each", "give back", "given", "in", "is", "is above", "is at least", "is at most", "is below", "is not", "is one of", "job", "let", "may call", "may read", "may write", "not", "or", "otherwise", "pipeline", "repeat at most", "runs on", "set", "shape", "stop with", "then", "times", "to", "until", "use vocabulary", "wait up to", "when", NEWLINE, Eof]
  Stmt = (*) App [STRING, INT, WORD, "%", "and", "be", "check", "command", "contains", "end", "every", "example", "expect", "for each", "give back", "given", "in", "is", "is above", "is at least", "is at most", "is below", "is not", "is one of", "job", "let", "may call", "may read", "may write", "not", "or", "otherwise", "pipeline", "repeat at most", "runs on", "set", "shape", "stop with", "then", "times", "to", "until", "use vocabulary", "wait up to", "when", NEWLINE, Eof]
  Stmt = (*) App NEWLINE Body "end" [STRING, INT, WORD, "%", "and", "be", "check", "command", "contains", "end", "every", "example", "expect", "for each", "give back", "given", "in", "is", "is above", "is at least", "is at most", "is below", "is not", "is one of", "job", "let", "may call", "may read", "may write", "not", "or", "otherwise", "pipeline", "repeat at most", "runs on", "set", "shape", "stop with", "then", "times", "to", "until", "use vocabulary", "wait up to", "when", NEWLINE, Eof]
  Stmt = (*) "let" Phrase "be" App [STRING, INT, WORD, "%", "and", "be", "check", "command", "contains", "end", "every", "example", "expect", "for each", "give back", "given", "in", "is", "is above", "is at least", "is at most", "is below", "is not", "is one of", "job", "let", "may call", "may read", "may write", "not", "or", "otherwise", "pipeline", "repeat at most", "runs on", "set", "shape", "stop with", "then", "times", "to", "until", "use vocabulary", "wait up to", "when", NEWLINE, Eof]
  Stmt = (*) "when" App NEWLINE Body "end" [STRING, INT, WORD, "%", "and", "be", "check", "command", "contains", "end", "every", "example", "expect", "for each", "give back", "given", "in", "is", "is above", "is at least", "is at most", "is below", "is not", "is one of", "job", "let", "may call", "may read", "may write", "not", "or", "otherwise", "pipeline", "repeat at most", "runs on", "set", "shape", "stop with", "then", "times", "to", "until", "use vocabulary", "wait up to", "when", NEWLINE, Eof]

  and looking at a token `"when"` we can reduce to a `Program` but we can also shift
/home/noah/src/ruchy/grammar/fixtures/ambiguous.lalrpop:50:21: 50:33: Conflict detected

    when in this state:
  App = (*) Phrase [STRING, INT, WORD, "%", "and", "be", "check", "command", "contains", "end", "every", "example", "expect", "for each", "give back", "given", "in", "is", "is above", "is at least", "is at most", "is below", "is not", "is one of", "job", "let", "may call", "may read", "may write", "not", "or", "otherwise", "pipeline", "repeat at most", "runs on", "set", "shape", "stop with", "then", "times", "to", "until", "use vocabulary", "wait up to", "when", NEWLINE, Eof]
  App = (*) Phrase Args [STRING, INT, WORD, "%", "and", "be", "check", "command", "contains", "end", "every", "example", "expect", "for each", "give back", "given", "in", "is", "is above", "is at least", "is at most", "is below", "is not", "is one of", "job", "let", "may call", "may read", "may write", "not", "or", "otherwise", "pipeline", "repeat at most", "runs on", "set", "shape", "stop with", "then", "times", "to", "until", "use vocabulary", "wait up to", "when", NEWLINE, Eof]
  Body = Body (*) Stmt NEWLINE [STRING, INT, WORD, "%", "and", "be", "check", "command", "contains", "end", "every", "example", "expect", "for each", "give back", "given", "in", "is", "is above", "is at least", "is at most", "is below", "is not", "is one of", "job", "let", "may call", "may read", "may write", "not", "or", "otherwise", "pipeline", "repeat at most", "runs on", "set", "shape", "stop with", "then", "times", "to", "until", "use vocabulary", "wait up to", "when", NEWLINE, Eof]
  Phrase = (*) Phrase WORD [STRING, INT, WORD, "%", "and", "be", "check", "command", "contains", "end", "every", "example", "expect", "for each", "give back", "given", "in", "is", "is above", "is at least", "is at most", "is below", "is not", "is one of", "job", "let", "may call", "may read", "may write", "not", "or", "otherwise", "pipeline", "repeat at most", "runs on", "set", "shape", "stop with", "then", "times", "to", "until", "use vocabulary", "wait up to", "when", NEWLINE, Eof]
  Phrase = (*) WORD [STRING, INT, WORD, "%", "and", "be", "check", "command", "contains", "end", "every", "example", "expect", "for each", "give back", "given", "in", "is", "is above", "is at least", "is at most", "is below", "is not", "is one of", "job", "let", "may call", "may read", "may write", "not", "or", "otherwise", "pipeline", "repeat at most", "runs on", "set", "shape", "stop with", "then", "times", "to", "until", "use vocabulary", "wait up to", "when", NEWLINE, Eof]
  Program = Body (*) [STRING, INT, WORD, "%", "and", "be", "check", "command", "contains", "end", "every", "example", "expect", "for each", "give back", "given", "in", "is", "is above", "is at least", "is at most", "is below", "is not", "is one of", "job", "let", "may call", "may read", "may write", "not", "or", "otherwise", "pipeline", "repeat at most", "runs on", "set", "shape", "stop with", "then", "times", "to", "until", "use vocabulary", "wait up to", "when", NEWLINE, Eof]
  Stmt = (*) App [STRING, INT, WORD, "%", "and", "be", "check", "command", "contains", "end", "every", "example", "expect", "for each", "give back", "given", "in", "is", "is above", "is at least", "is at most", "is below", "is not", "is one of", "job", "let", "may call", "may read", "may write", "not", "or", "otherwise", "pipeline", "repeat at most", "runs on", "set", "shape", "stop with", "then", "times", "to", "until", "use vocabulary", "wait up to", "when", NEWLINE, Eof]
  Stmt = (*) App NEWLINE Body "end" [STRING, INT, WORD, "%", "and", "be", "check", "command", "contains", "end", "every", "example", "expect", "for each", "give back", "given", "in", "is", "is above", "is at least", "is at most", "is below", "is not", "is one of", "job", "let", "may call", "may read", "may write", "not", "or", "otherwise", "pipeline", "repeat at most", "runs on", "set", "shape", "stop with", "then", "times", "to", "until", "use vocabulary", "wait up to", "when", NEWLINE, Eof]
  Stmt = (*) "let" Phrase "be" App [STRING, INT, WORD, "%", "and", "be", "check", "command", "contains", "end", "every", "example", "expect", "for each", "give back", "given", "in", "is", "is above", "is at least", "is at most", "is below", "is not", "is one of", "job", "let", "may call", "may read", "may write", "not", "or", "otherwise", "pipeline", "repeat at most", "runs on", "set", "shape", "stop with", "then", "times", "to", "until", "use vocabulary", "wait up to", "when", NEWLINE, Eof]
  Stmt = (*) "when" App NEWLINE Body "end" [STRING, INT, WORD, "%", "and", "be", "check", "command", "contains", "end", "every", "example", "expect", "for each", "give back", "given", "in", "is", "is above", "is at least", "is at most", "is below", "is not", "is one of", "job", "let", "may call", "may read", "may write", "not", "or", "otherwise", "pipeline", "repeat at most", "runs on", "set", "shape", "stop with", "then", "times", "to", "until", "use vocabulary", "wait up to", "when", NEWLINE, Eof]

  and looking at a token `WORD` we can reduce to a `Program` but we can also shift
/home/noah/src/ruchy/grammar/fixtures/ambiguous.lalrpop:64:13: 64:26: Conflict detected

    when in this state:
  App = Phrase (*) [STRING, INT, WORD, "%", "and", "be", "check", "command", "contains", "end", "every", "example", "expect", "for each", "give back", "given", "in", "is", "is above", "is at least", "is at most", "is below", "is not", "is one of", "job", "let", "may call", "may read", "may write", "not", "or", "otherwise", "pipeline", "repeat at most", "runs on", "set", "shape", "stop with", "then", "times", "to", "until", "use vocabulary", "wait up to", "when", NEWLINE, Eof]
  App = Phrase (*) Args [STRING, INT, WORD, "%", "and", "be", "check", "command", "contains", "end", "every", "example", "expect", "for each", "give back", "given", "in", "is", "is above", "is at least", "is at most", "is below", "is not", "is one of", "job", "let", "may call", "may read", "may write", "not", "or", "otherwise", "pipeline", "repeat at most", "runs on", "set", "shape", "stop with", "then", "times", "to", "until", "use vocabulary", "wait up to", "when", NEWLINE, Eof]
  Args = (*) Args Atom [STRING, INT, WORD, "%", "and", "be", "check", "command", "contains", "end", "every", "example", "expect", "for each", "give back", "given", "in", "is", "is above", "is at least", "is at most", "is below", "is not", "is one of", "job", "let", "may call", "may read", "may write", "not", "or", "otherwise", "pipeline", "repeat at most", "runs on", "set", "shape", "stop with", "then", "times", "to", "until", "use vocabulary", "wait up to", "when", NEWLINE, Eof]
  Args = (*) Atom [STRING, INT, WORD, "%", "and", "be", "check", "command", "contains", "end", "every", "example", "expect", "for each", "give back", "given", "in", "is", "is above", "is at least", "is at most", "is below", "is not", "is one of", "job", "let", "may call", "may read", "may write", "not", "or", "otherwise", "pipeline", "repeat at most", "runs on", "set", "shape", "stop with", "then", "times", "to", "until", "use vocabulary", "wait up to", "when", NEWLINE, Eof]
  Atom = (*) INT [STRING, INT, WORD, "%", "and", "be", "check", "command", "contains", "end", "every", "example", "expect", "for each", "give back", "given", "in", "is", "is above", "is at least", "is at most", "is below", "is not", "is one of", "job", "let", "may call", "may read", "may write", "not", "or", "otherwise", "pipeline", "repeat at most", "runs on", "set", "shape", "stop with", "then", "times", "to", "until", "use vocabulary", "wait up to", "when", NEWLINE, Eof]
  Atom = (*) INT WORD [STRING, INT, WORD, "%", "and", "be", "check", "command", "contains", "end", "every", "example", "expect", "for each", "give back", "given", "in", "is", "is above", "is at least", "is at most", "is below", "is not", "is one of", "job", "let", "may call", "may read", "may write", "not", "or", "otherwise", "pipeline", "repeat at most", "runs on", "set", "shape", "stop with", "then", "times", "to", "until", "use vocabulary", "wait up to", "when", NEWLINE, Eof]
  Atom = (*) STRING [STRING, INT, WORD, "%", "and", "be", "check", "command", "contains", "end", "every", "example", "expect", "for each", "give back", "given", "in", "is", "is above", "is at least", "is at most", "is below", "is not", "is one of", "job", "let", "may call", "may read", "may write", "not", "or", "otherwise", "pipeline", "repeat at most", "runs on", "set", "shape", "stop with", "then", "times", "to", "until", "use vocabulary", "wait up to", "when", NEWLINE, Eof]
  Phrase = Phrase (*) WORD [STRING, INT, WORD, "%", "and", "be", "check", "command", "contains", "end", "every", "example", "expect", "for each", "give back", "given", "in", "is", "is above", "is at least", "is at most", "is below", "is not", "is one of", "job", "let", "may call", "may read", "may write", "not", "or", "otherwise", "pipeline", "repeat at most", "runs on", "set", "shape", "stop with", "then", "times", "to", "until", "use vocabulary", "wait up to", "when", NEWLINE, Eof]

  and looking at a token `INT` we can reduce to a `App` but we can also shift
/home/noah/src/ruchy/grammar/fixtures/ambiguous.lalrpop:64:13: 64:26: Conflict detected

    when in this state:
  App = Phrase (*) [STRING, INT, WORD, "%", "and", "be", "check", "command", "contains", "end", "every", "example", "expect", "for each", "give back", "given", "in", "is", "is above", "is at least", "is at most", "is below", "is not", "is one of", "job", "let", "may call", "may read", "may write", "not", "or", "otherwise", "pipeline", "repeat at most", "runs on", "set", "shape", "stop with", "then", "times", "to", "until", "use vocabulary", "wait up to", "when", NEWLINE, Eof]
  App = Phrase (*) Args [STRING, INT, WORD, "%", "and", "be", "check", "command", "contains", "end", "every", "example", "expect", "for each", "give back", "given", "in", "is", "is above", "is at least", "is at most", "is below", "is not", "is one of", "job", "let", "may call", "may read", "may write", "not", "or", "otherwise", "pipeline", "repeat at most", "runs on", "set", "shape", "stop with", "then", "times", "to", "until", "use vocabulary", "wait up to", "when", NEWLINE, Eof]
  Args = (*) Args Atom [STRING, INT, WORD, "%", "and", "be", "check", "command", "contains", "end", "every", "example", "expect", "for each", "give back", "given", "in", "is", "is above", "is at least", "is at most", "is below", "is not", "is one of", "job", "let", "may call", "may read", "may write", "not", "or", "otherwise", "pipeline", "repeat at most", "runs on", "set", "shape", "stop with", "then", "times", "to", "until", "use vocabulary", "wait up to", "when", NEWLINE, Eof]
  Args = (*) Atom [STRING, INT, WORD, "%", "and", "be", "check", "command", "contains", "end", "every", "example", "expect", "for each", "give back", "given", "in", "is", "is above", "is at least", "is at most", "is below", "is not", "is one of", "job", "let", "may call", "may read", "may write", "not", "or", "otherwise", "pipeline", "repeat at most", "runs on", "set", "shape", "stop with", "then", "times", "to", "until", "use vocabulary", "wait up to", "when", NEWLINE, Eof]
  Atom = (*) INT [STRING, INT, WORD, "%", "and", "be", "check", "command", "contains", "end", "every", "example", "expect", "for each", "give back", "given", "in", "is", "is above", "is at least", "is at most", "is below", "is not", "is one of", "job", "let", "may call", "may read", "may write", "not", "or", "otherwise", "pipeline", "repeat at most", "runs on", "set", "shape", "stop with", "then", "times", "to", "until", "use vocabulary", "wait up to", "when", NEWLINE, Eof]
  Atom = (*) INT WORD [STRING, INT, WORD, "%", "and", "be", "check", "command", "contains", "end", "every", "example", "expect", "for each", "give back", "given", "in", "is", "is above", "is at least", "is at most", "is below", "is not", "is one of", "job", "let", "may call", "may read", "may write", "not", "or", "otherwise", "pipeline", "repeat at most", "runs on", "set", "shape", "stop with", "then", "times", "to", "until", "use vocabulary", "wait up to", "when", NEWLINE, Eof]
  Atom = (*) STRING [STRING, INT, WORD, "%", "and", "be", "check", "command", "contains", "end", "every", "example", "expect", "for each", "give back", "given", "in", "is", "is above", "is at least", "is at most", "is below", "is not", "is one of", "job", "let", "may call", "may read", "may write", "not", "or", "otherwise", "pipeline", "repeat at most", "runs on", "set", "shape", "stop with", "then", "times", "to", "until", "use vocabulary", "wait up to", "when", NEWLINE, Eof]
  Phrase = Phrase (*) WORD [STRING, INT, WORD, "%", "and", "be", "check", "command", "contains", "end", "every", "example", "expect", "for each", "give back", "given", "in", "is", "is above", "is at least", "is at most", "is below", "is not", "is one of", "job", "let", "may call", "may read", "may write", "not", "or", "otherwise", "pipeline", "repeat at most", "runs on", "set", "shape", "stop with", "then", "times", "to", "until", "use vocabulary", "wait up to", "when", NEWLINE, Eof]

  and looking at a token `STRING` we can reduce to a `App` but we can also shift
/home/noah/src/ruchy/grammar/fixtures/ambiguous.lalrpop:64:13: 64:26: Conflict detected

    when in this state:
  App = Phrase (*) [STRING, INT, WORD, "%", "and", "be", "check", "command", "contains", "end", "every", "example", "expect", "for each", "give back", "given", "in", "is", "is above", "is at least", "is at most", "is below", "is not", "is one of", "job", "let", "may call", "may read", "may write", "not", "or", "otherwise", "pipeline", "repeat at most", "runs on", "set", "shape", "stop with", "then", "times", "to", "until", "use vocabulary", "wait up to", "when", NEWLINE, Eof]
  App = Phrase (*) Args [STRING, INT, WORD, "%", "and", "be", "check", "command", "contains", "end", "every", "example", "expect", "for each", "give back", "given", "in", "is", "is above", "is at least", "is at most", "is below", "is not", "is one of", "job", "let", "may call", "may read", "may write", "not", "or", "otherwise", "pipeline", "repeat at most", "runs on", "set", "shape", "stop with", "then", "times", "to", "until", "use vocabulary", "wait up to", "when", NEWLINE, Eof]
  Args = (*) Args Atom [STRING, INT, WORD, "%", "and", "be", "check", "command", "contains", "end", "every", "example", "expect", "for each", "give back", "given", "in", "is", "is above", "is at least", "is at most", "is below", "is not", "is one of", "job", "let", "may call", "may read", "may write", "not", "or", "otherwise", "pipeline", "repeat at most", "runs on", "set", "shape", "stop with", "then", "times", "to", "until", "use vocabulary", "wait up to", "when", NEWLINE, Eof]
  Args = (*) Atom [STRING, INT, WORD, "%", "and", "be", "check", "command", "contains", "end", "every", "example", "expect", "for each", "give back", "given", "in", "is", "is above", "is at least", "is at most", "is below", "is not", "is one of", "job", "let", "may call", "may read", "may write", "not", "or", "otherwise", "pipeline", "repeat at most", "runs on", "set", "shape", "stop with", "then", "times", "to", "until", "use vocabulary", "wait up to", "when", NEWLINE, Eof]
  Atom = (*) INT [STRING, INT, WORD, "%", "and", "be", "check", "command", "contains", "end", "every", "example", "expect", "for each", "give back", "given", "in", "is", "is above", "is at least", "is at most", "is below", "is not", "is one of", "job", "let", "may call", "may read", "may write", "not", "or", "otherwise", "pipeline", "repeat at most", "runs on", "set", "shape", "stop with", "then", "times", "to", "until", "use vocabulary", "wait up to", "when", NEWLINE, Eof]
  Atom = (*) INT WORD [STRING, INT, WORD, "%", "and", "be", "check", "command", "contains", "end", "every", "example", "expect", "for each", "give back", "given", "in", "is", "is above", "is at least", "is at most", "is below", "is not", "is one of", "job", "let", "may call", "may read", "may write", "not", "or", "otherwise", "pipeline", "repeat at most", "runs on", "set", "shape", "stop with", "then", "times", "to", "until", "use vocabulary", "wait up to", "when", NEWLINE, Eof]
  Atom = (*) STRING [STRING, INT, WORD, "%", "and", "be", "check", "command", "contains", "end", "every", "example", "expect", "for each", "give back", "given", "in", "is", "is above", "is at least", "is at most", "is below", "is not", "is one of", "job", "let", "may call", "may read", "may write", "not", "or", "otherwise", "pipeline", "repeat at most", "runs on", "set", "shape", "stop with", "then", "times", "to", "until", "use vocabulary", "wait up to", "when", NEWLINE, Eof]
  Phrase = Phrase (*) WORD [STRING, INT, WORD, "%", "and", "be", "check", "command", "contains", "end", "every", "example", "expect", "for each", "give back", "given", "in", "is", "is above", "is at least", "is at most", "is below", "is not", "is one of", "job", "let", "may call", "may read", "may write", "not", "or", "otherwise", "pipeline", "repeat at most", "runs on", "set", "shape", "stop with", "then", "times", "to", "until", "use vocabulary", "wait up to", "when", NEWLINE, Eof]

  and looking at a token `WORD` we can reduce to a `App` but we can also shift
/home/noah/src/ruchy/grammar/fixtures/ambiguous.lalrpop:64:29: 64:50: Conflict detected

    when in this state:
  App = Phrase Args (*) [STRING, INT, WORD, "%", "and", "be", "check", "command", "contains", "end", "every", "example", "expect", "for each", "give back", "given", "in", "is", "is above", "is at least", "is at most", "is below", "is not", "is one of", "job", "let", "may call", "may read", "may write", "not", "or", "otherwise", "pipeline", "repeat at most", "runs on", "set", "shape", "stop with", "then", "times", "to", "until", "use vocabulary", "wait up to", "when", NEWLINE, Eof]
  Args = Args (*) Atom [STRING, INT, WORD, "%", "and", "be", "check", "command", "contains", "end", "every", "example", "expect", "for each", "give back", "given", "in", "is", "is above", "is at least", "is at most", "is below", "is not", "is one of", "job", "let", "may call", "may read", "may write", "not", "or", "otherwise", "pipeline", "repeat at most", "runs on", "set", "shape", "stop with", "then", "times", "to", "until", "use vocabulary", "wait up to", "when", NEWLINE, Eof]
  Atom = (*) INT [STRING, INT, WORD, "%", "and", "be", "check", "command", "contains", "end", "every", "example", "expect", "for each", "give back", "given", "in", "is", "is above", "is at least", "is at most", "is below", "is not", "is one of", "job", "let", "may call", "may read", "may write", "not", "or", "otherwise", "pipeline", "repeat at most", "runs on", "set", "shape", "stop with", "then", "times", "to", "until", "use vocabulary", "wait up to", "when", NEWLINE, Eof]
  Atom = (*) INT WORD [STRING, INT, WORD, "%", "and", "be", "check", "command", "contains", "end", "every", "example", "expect", "for each", "give back", "given", "in", "is", "is above", "is at least", "is at most", "is below", "is not", "is one of", "job", "let", "may call", "may read", "may write", "not", "or", "otherwise", "pipeline", "repeat at most", "runs on", "set", "shape", "stop with", "then", "times", "to", "until", "use vocabulary", "wait up to", "when", NEWLINE, Eof]
  Atom = (*) STRING [STRING, INT, WORD, "%", "and", "be", "check", "command", "contains", "end", "every", "example", "expect", "for each", "give back", "given", "in", "is", "is above", "is at least", "is at most", "is below", "is not", "is one of", "job", "let", "may call", "may read", "may write", "not", "or", "otherwise", "pipeline", "repeat at most", "runs on", "set", "shape", "stop with", "then", "times", "to", "until", "use vocabulary", "wait up to", "when", NEWLINE, Eof]

  and looking at a token `INT` we can reduce to a `App` but we can also shift
/home/noah/src/ruchy/grammar/fixtures/ambiguous.lalrpop:64:29: 64:50: Conflict detected

    when in this state:
  App = Phrase Args (*) [STRING, INT, WORD, "%", "and", "be", "check", "command", "contains", "end", "every", "example", "expect", "for each", "give back", "given", "in", "is", "is above", "is at least", "is at most", "is below", "is not", "is one of", "job", "let", "may call", "may read", "may write", "not", "or", "otherwise", "pipeline", "repeat at most", "runs on", "set", "shape", "stop with", "then", "times", "to", "until", "use vocabulary", "wait up to", "when", NEWLINE, Eof]
  Args = Args (*) Atom [STRING, INT, WORD, "%", "and", "be", "check", "command", "contains", "end", "every", "example", "expect", "for each", "give back", "given", "in", "is", "is above", "is at least", "is at most", "is below", "is not", "is one of", "job", "let", "may call", "may read", "may write", "not", "or", "otherwise", "pipeline", "repeat at most", "runs on", "set", "shape", "stop with", "then", "times", "to", "until", "use vocabulary", "wait up to", "when", NEWLINE, Eof]
  Atom = (*) INT [STRING, INT, WORD, "%", "and", "be", "check", "command", "contains", "end", "every", "example", "expect", "for each", "give back", "given", "in", "is", "is above", "is at least", "is at most", "is below", "is not", "is one of", "job", "let", "may call", "may read", "may write", "not", "or", "otherwise", "pipeline", "repeat at most", "runs on", "set", "shape", "stop with", "then", "times", "to", "until", "use vocabulary", "wait up to", "when", NEWLINE, Eof]
  Atom = (*) INT WORD [STRING, INT, WORD, "%", "and", "be", "check", "command", "contains", "end", "every", "example", "expect", "for each", "give back", "given", "in", "is", "is above", "is at least", "is at most", "is below", "is not", "is one of", "job", "let", "may call", "may read", "may write", "not", "or", "otherwise", "pipeline", "repeat at most", "runs on", "set", "shape", "stop with", "then", "times", "to", "until", "use vocabulary", "wait up to", "when", NEWLINE, Eof]
  Atom = (*) STRING [STRING, INT, WORD, "%", "and", "be", "check", "command", "contains", "end", "every", "example", "expect", "for each", "give back", "given", "in", "is", "is above", "is at least", "is at most", "is below", "is not", "is one of", "job", "let", "may call", "may read", "may write", "not", "or", "otherwise", "pipeline", "repeat at most", "runs on", "set", "shape", "stop with", "then", "times", "to", "until", "use vocabulary", "wait up to", "when", NEWLINE, Eof]

  and looking at a token `STRING` we can reduce to a `App` but we can also shift
/home/noah/src/ruchy/grammar/fixtures/ambiguous.lalrpop:66:28: 66:36: Conflict detected

    when in this state:
  Atom = INT (*) [STRING, INT, WORD, "%", "and", "be", "check", "command", "contains", "end", "every", "example", "expect", "for each", "give back", "given", "in", "is", "is above", "is at least", "is at most", "is below", "is not", "is one of", "job", "let", "may call", "may read", "may write", "not", "or", "otherwise", "pipeline", "repeat at most", "runs on", "set", "shape", "stop with", "then", "times", "to", "until", "use vocabulary", "wait up to", "when", NEWLINE, Eof]
  Atom = INT (*) WORD [STRING, INT, WORD, "%", "and", "be", "check", "command", "contains", "end", "every", "example", "expect", "for each", "give back", "given", "in", "is", "is above", "is at least", "is at most", "is below", "is not", "is one of", "job", "let", "may call", "may read", "may write", "not", "or", "otherwise", "pipeline", "repeat at most", "runs on", "set", "shape", "stop with", "then", "times", "to", "until", "use vocabulary", "wait up to", "when", NEWLINE, Eof]

  and looking at a token `WORD` we can reduce to a `Atom` but we can also shift
/home/noah/src/ruchy/grammar/fixtures/ambiguous.lalrpop:60:5: 60:15: Conflict detected

    when in this state:
  Stmt = App (*) [STRING, INT, WORD, "%", "and", "be", "check", "command", "contains", "end", "every", "example", "expect", "for each", "give back", "given", "in", "is", "is above", "is at least", "is at most", "is below", "is not", "is one of", "job", "let", "may call", "may read", "may write", "not", "or", "otherwise", "pipeline", "repeat at most", "runs on", "set", "shape", "stop with", "then", "times", "to", "until", "use vocabulary", "wait up to", "when", NEWLINE, Eof]
  Stmt = App (*) NEWLINE Body "end" [STRING, INT, WORD, "%", "and", "be", "check", "command", "contains", "end", "every", "example", "expect", "for each", "give back", "given", "in", "is", "is above", "is at least", "is at most", "is below", "is not", "is one of", "job", "let", "may call", "may read", "may write", "not", "or", "otherwise", "pipeline", "repeat at most", "runs on", "set", "shape", "stop with", "then", "times", "to", "until", "use vocabulary", "wait up to", "when", NEWLINE, Eof]

  and looking at a token `NEWLINE` we can reduce to a `Stmt` but we can also shift
test rhl_pre_registration::grammar_gate::test_rhl_grammar_0_ambiguous_fixture_is_rejected_for_being_ambiguous ... ok
test rhl_pre_registration::grammar_gate::test_rhl_grammar_0_is_conflict_free_by_the_generators_own_report ... ok

test result: ok. 34 passed; 0 failed; 1 ignored; 0 measured; 20618 filtered out; finished in 0.06s

