2026-09-05T11:20:45+02:00
            `&&ChunkedArray<StringType>: Iterator`
            which is required by `&&ChunkedArray<StringType>: IntoIterator`
            `&mut &ChunkedArray<StringType>: Iterator`
            which is required by `&mut &ChunkedArray<StringType>: IntoIterator`
            `ChunkedArray<StringType>: Iterator`
            which is required by `ChunkedArray<StringType>: IntoIterator`
            `&mut ChunkedArray<StringType>: Iterator`
            which is required by `&mut ChunkedArray<StringType>: IntoIterator`

error[E0061]: this function takes 2 arguments but 1 argument was supplied
   --> src/stdlib/dataframe.rs:62:5
    |
 62 |     DataFrame::new(cols).map_err(|e| e.to_string())
    |     ^^^^^^^^^^^^^^ ---- argument #1 of type `usize` is missing
    |
note: associated function defined here
   --> /home/noah/.cargo/registry/src/index.crates.io-1949cf8c6b5b557f/polars-core-0.55.2/src/frame/dataframe.rs:119:12
    |
119 |     pub fn new(height: usize, columns: Vec<Column>) -> PolarsResult<Self> {
    |            ^^^
help: provide the argument
    |
 62 |     DataFrame::new(/* usize */, cols).map_err(|e| e.to_string())
    |                    ++++++++++++

error[E0433]: cannot find type `CsvReadOptions` in this scope
  --> src/stdlib/dataframe.rs:82:5
   |
82 |     CsvReadOptions::default()
   |     ^^^^^^^^^^^^^^ use of undeclared type `CsvReadOptions`

error[E0433]: cannot find type `CsvWriter` in this scope
   --> src/stdlib/dataframe.rs:109:5
    |
109 |     CsvWriter::new(&mut file)
    |     ^^^^^^^^^ use of undeclared type `CsvWriter`

Some errors have detailed explanations: E0061, E0433, E0599.
For more information about an error, try `rustc --explain E0061`.
error: could not compile `ruchy` (lib) due to 10 previous errors

real	1m22.453s
user	5m26.514s
sys	1m17.927s
EXIT=101
2026-09-05T11:22:07+02:00
