2026-09-05T11:08:01+02:00
Running pre-release quality gate (95/100 minimum)...
[1m[0;34m=== Pre-Release Quality Gate (95/100 minimum) ===[0m
Reference: Issue #170
---------------------------------------------------

[1m[1/7] Tests Pass (20 pts)[0m

running 20618 tests
....................................................................................... 87/20618
................ii..............................ii..................................... 174/20618
....................................................................................... 261/20618
....................................................................................... 348/20618
....................................................................................... 435/20618
....................................................................................... 522/20618
....................................................................................... 609/20618
....................................................................................... 696/20618
....................................................................................... 783/20618
....................................................................................... 870/20618
....................................................................................... 957/20618
....................................................................................... 1044/20618
....................................................................................... 1131/20618
....................................................................................... 1218/20618
....................................................................................... 1305/20618
....................................................................................... 1392/20618
....................................................................................... 1479/20618
....................................................................................... 1566/20618
....................................................................................... 1653/20618
....................................................................................... 1740/20618
....................................................................................... 1827/20618
....................................................................................... 1914/20618
....................................................................................... 2001/20618
....................................................................................... 2088/20618
....................................................................................... 2175/20618
....................................................................................... 2262/20618
....................................................................................... 2349/20618
....................................................................................... 2436/20618
....................................................................................... 2523/20618
....................................................................................... 2610/20618
....................................................................................... 2697/20618
....................................................................................... 2784/20618
....................................................................................... 2871/20618
....................................................................................... 2958/20618
....................................................................................... 3045/20618
....................................................................................... 3132/20618
....................................................................................... 3219/20618
....................................................................................... 3306/20618
....................................................................................... 3393/20618
....................................................................................... 3480/20618
....................................................................................... 3567/20618
....................................................................................... 3654/20618
....................................................................................... 3741/20618
....................................................................................... 3828/20618
....................................................................................... 3915/20618
....................................................................................... 4002/20618
....................................................................................... 4089/20618
....................................................................................... 4176/20618
....................................................................................... 4263/20618
....................................................................................... 4350/20618
................................................iiiii.................................. 4437/20618
....................................................................................... 4524/20618
................................iiii.iii.......i....................................... 4611/20618
................................i...................................................... 4698/20618
....................................................................................... 4785/20618
....................................................................................... 4872/20618
..........................................................................ii.iiii...... 4959/20618
.....................................................................................i. 5046/20618
iiii................................................................................... 5133/20618
......iiiii..ii............................iiiiii...................................... 5220/20618
....................................................................................... 5307/20618
....................................................................................... 5394/20618
....................................................................................... 5481/20618
.....................................................iii.i...iii....................... 5568/20618
................iiiiiii.........................i....i.i.i........iii.................. 5655/20618
....................................................................................... 5742/20618
....................................................................................... 5829/20618
......................iiiiiii.......................................................... 5916/20618
....................................................................................... 6003/20618
.........ii.iii........................................................................ 6090/20618
.......................................................iiiii........................... 6177/20618
............................................................................iiii....... 6264/20618
...iii................................................................................. 6351/20618
.......iiiiii.......................................................................... 6438/20618
....................................................................................... 6525/20618
....................................................................................... 6612/20618
....................................................................................... 6699/20618
..........................................................i............................ 6786/20618
....................................................................................... 6873/20618
....................................................................................... 6960/20618
....................................................................................... 7047/20618
....................................i.................................................. 7134/20618
....................................................................................... 7221/20618
....................................................................................... 7308/20618
....................................................................................... 7395/20618
....................................................................................... 7482/20618
....................................ii................................................. 7569/20618
....................i.................................................................. 7656/20618
....................................................................................... 7743/20618
....................................................................................... 7830/20618
....................................................................................... 7917/20618
....................................................................................... 8004/20618
....................................................................................... 8091/20618
....................................................................................... 8178/20618
....................................................................................... 8265/20618
....................................................................................... 8352/20618
....................................................................................... 8439/20618
....................................................................................... 8526/20618
....................................................................................... 8613/20618
....................................................................................... 8700/20618
....................................................................................... 8787/20618
....................................................................................... 8874/20618
....................................................................................... 8961/20618
....................................................................................... 9048/20618
....................................................................................... 9135/20618
....................................................................................... 9222/20618
....................................................................................... 9309/20618
....................................................................................... 9396/20618
....................................................................................... 9483/20618
....................................................................................... 9570/20618
....................................................................................... 9657/20618
....................................................................................... 9744/20618
....................................................................................... 9831/20618
....................................................................................... 9918/20618
....................................................................................... 10005/20618
....................................................................................... 10092/20618
....................................................................................... 10179/20618
....................................................................................... 10266/20618
....................................................................................... 10353/20618
....................................................................................... 10440/20618
....................................................................................... 10527/20618
....................................................................................... 10614/20618
....................................................................................... 10701/20618
....................................................................................... 10788/20618
....................................................................................... 10875/20618
....................................................................................... 10962/20618
....................................................................................... 11049/20618
....................................................................................... 11136/20618
....................................................................................... 11223/20618
....................................................................................... 11310/20618
....................................................................................... 11397/20618
....................................................................................... 11484/20618
....................................................................................... 11571/20618
....................................................................................... 11658/20618
....................................................................................... 11745/20618
....................................................................................... 11832/20618
....................................................................................... 11919/20618
....................................................................................... 12006/20618
....................................................................................... 12093/20618
....................................................................................... 12180/20618
....................................................................................... 12267/20618
....................................................................................... 12354/20618
....................................................................................... 12441/20618
....................................................................................... 12528/20618
....................................................................................... 12615/20618
....................................................................................... 12702/20618
....................................................................................... 12789/20618
....................................................................................... 12876/20618
....................................................................................... 12963/20618
....................................................................................... 13050/20618
....................................................................................... 13137/20618
....................................................................................... 13224/20618
....................................................................................... 13311/20618
....................................................................................... 13398/20618
....................................................................................... 13485/20618
....................................................................................... 13572/20618
....................................................................................... 13659/20618
....................................................................................... 13746/20618
....................................................................................... 13833/20618
....................................................................................... 13920/20618
....................................................................................... 14007/20618
....................................................................................... 14094/20618
....................................................................................... 14181/20618
....................................................................................... 14268/20618
....................................................................................... 14355/20618
....................................................................................... 14442/20618
....................................................................................... 14529/20618
....................................................................................... 14616/20618
....................................................................................... 14703/20618
....................................................................................... 14790/20618
....................................................................................... 14877/20618
....................................................................................... 14964/20618
....................................................................................... 15051/20618
....................................................................................... 15138/20618
....................................................................................... 15225/20618
....................................................................................... 15312/20618
....................................................................................... 15399/20618
....................................................................................... 15486/20618
....................................................................................... 15573/20618
....................................................................................... 15660/20618
....................................................................................... 15747/20618
....................................................................................... 15834/20618
....................................................................................... 15921/20618
....................................................................................... 16008/20618
....................................................................................... 16095/20618
....................................................................................... 16182/20618
................................................................ii..................... 16269/20618
....................................................................................... 16356/20618
....................................................................................... 16443/20618
....................................................................................... 16530/20618
....................................................................................... 16617/20618
....................................................................................... 16704/20618
....................................................................................... 16791/20618
....................................................................................... 16878/20618
....................................................................................... 16965/20618
....................................................................................... 17052/20618
....................................................................................... 17139/20618
....................................................................................... 17226/20618
....................................................................................... 17313/20618
....................................................................................... 17400/20618
....................................................................................... 17487/20618
....................................................................................... 17574/20618
....................................................................................... 17661/20618
....................................................................................... 17748/20618
....................................................................................... 17835/20618
....................................................................................... 17922/20618
....................................................................................... 18009/20618
....................................................................................... 18096/20618
....................................................................................... 18183/20618
....................................................................................... 18270/20618
....................................................................................... 18357/20618
....................................................................................... 18444/20618
....................................................................................... 18531/20618
....................................................................................... 18618/20618
.................i.i.......i........................................................... 18705/20618
....................................................................................... 18792/20618
.....................................................i................................. 18879/20618
....................................................................................... 18966/20618
....................................................................................... 19053/20618
....................................................................................... 19140/20618
....................................................................................... 19227/20618
....................................................................................... 19314/20618
....................................................................................... 19401/20618
....................................................................................... 19488/20618
....................................................................................... 19575/20618
....................................................................................... 19662/20618
....i.......................................................i.......................... 19749/20618
.............................................i........i................................ 19836/20618
....................................................................................... 19923/20618
....................................................................................... 20010/20618
....................................................................................... 20097/20618
....................................................................................... 20184/20618
....................................................................................... 20271/20618
....................................................................................... 20358/20618
....................................................................................... 20445/20618
....................................................................................... 20532/20618
......................................................................................
test result: ok. 20510 passed; 0 failed; 108 ignored; 0 measured; 0 filtered out; finished in 2.30s

  [0;32mPASS[0m - All tests pass

[1m[2/7] Test Coverage >= 95% (20 pts)[0m
  [0;31mFAIL[0m - Coverage: 0%

[1m[3/7] Mutation Kill Rate >= 85% (20 pts)[0m
  Running mutation tests on sample...
./scripts/pre-release-gate.sh: line 83: 0
0: syntax error in expression (error token is "0")

[1m[4/7] Zero SATD (TODO/FIXME/HACK) (10 pts)[0m
  [0;31mFAIL[0m - 15 SATD markers found
src/bin/handlers/commands_tests.rs:    let (passed, message) = check_satd_gate("// TODO: fix this");
src/bin/handlers/commands_tests.rs:    assert!(contains_satd_comment("// TODO: something"));
src/bin/handlers/commands_tests.rs:    assert!(contains_satd_comment("// FIXME: broken"));
src/bin/handlers/commands_tests.rs:    assert!(contains_satd_comment("// HACK: workaround"));
src/bin/handlers/commands_tests.rs:    assert!(detect_satd_in_source("// TODO: implement"));

[1m[5/7] Clippy Clean (10 pts)[0m
  [0;32mPASS[0m - Clippy clean

[1m[6/7] Documentation Coverage >= 80% (10 pts)[0m
  [0;31mFAIL[0m - Doc coverage: 45%

[1m[7/7] Property Tests (10 pts)[0m

running 832 tests
.............i......iiiiii............iii.iiii.iiiii...iiiiii...iiiiii...........iiiiii 87/832
iiiiiiiiiiiiiiiiiiiiiiiiiii............iiiiiiiiiiiiiiiiii.............................. 174/832
....................................................................................... 261/832
....................................................................................... 348/832
....................................................................................... 435/832
....................................................................................... 522/832
....................................................................................... 609/832
....................................................................................... 696/832
.........i............................................................................. 783/832
.................................................
test result: ok. 749 passed; 0 failed; 83 ignored; 0 measured; 19786 filtered out; finished in 1.22s

  [0;32mPASS[0m - 132 property test modules pass

[1m[0;34m=== Quality Gate Summary ===[0m
---------------------------------------------------

  Tests pass: 20/20 pts - PASS
  Coverage ≥95%: 0/20 pts - 0%
  Zero SATD: 0/10 pts - 15 markers
  Clippy clean: 10/10 pts - PASS
  Doc coverage: 3/10 pts - 45%
  Property tests: 10/10 pts - PASS (132 modules)
---------------------------------------------------

[1mFinal Score: 43/100[0m
[0;31m[1mSTATUS: BLOCKED[0m
Score 43/100 is below threshold of 95/100
Release is blocked until quality issues are resolved.
make: *** [Makefile:920: pre-release-gate] Error 1

real	3m45.225s
user	10m41.775s
sys	2m36.351s
EXIT=2
2026-09-05T11:11:46+02:00
